{"Energy":{"iters":[0,1,2,3,4,5,6,7,8,9,10,11,12,13,14,15,16,17,18,19,20,21,22,23,24,25,26,27,28,29,30,31,32,33,34,35,36,37,38,39,40,41,42,43,44,45,46,47,48,49,50,51,52,53,54,55,56,57,58,59,60,61,62,63,64,65,66,67,68,69,70,71,72,73,74,75,76,77,78,79,80,81,82,83,84,85,86,87,88,89,90,91,92,93,94,95,96,97,98,99,100,101,102,103,104,105,106,107,108,109,110,111],"Mean":[-35.90079239809983,-36.190592366499054,-36.195007484164066,-36.67513857780082,-36.87323669401263,-37.12542086683167,-37.52462919085417,-37.61487531597028,-37.73496768316485,-37.85760248008243,-37.95356105717393,-37.934944162204935,-37.99019305597915,-38.037375754838806,-38.0988334619187,-38.04042583375753,-38.12651711554835,-38.159938499118695,-38.10635145119532,-38.10784704263581,-38.14392370064796,-38.14889923263432,-38.13678347474878,-38.14682407403295,-38.12949180748201,-38.188634342089266,-38.14380257434042,-38.18731230002061,-38.16131735537832,-38.21423660780948,-38.1818763955806,-38.176089762676014,-38.184404624796976,-38.222268702107264,-38.23523079701789,-38.21626230458351,-38.21088654685577,-38.181839258439915,-38.22686592185293,-38.21318080856039,-38.20626648308745,-38.17195378376062,-38.211124162004204,-38.20428885491926,-38.194174383699796,-38.22115543125611,-38.21336175723681,-38.17434111777723,-38.2173477213622,-38.21277294661881,-38.22175680095612,-38.25813094342593,-38.19689805787825,-38.24446972572786,-38.214241082151986,-38.228156606879345,-38.246995048087754,-38.20752849538168,-38.230098336620706,-38.227754467210445,-38.205346461166855,-38.225390450710385,-38.25563258151143,-38.274514408109276,-38.225702640299204,-38.234459418585715,-38.22768499337549,-38.22479986773137,-38.22484438918057,-38.262176773497536,-38.246013214200474,-38.21908726721899,-38.2506730660156,-38.20932947440527,-38.248185468260225,-38.21283862716951,-38.2197298811588,-38.21997939739886,-38.22971092045832,-38.26172747805572,-38.205658770640675,-38.21438071300916,-38.217330180739836,-38.265321894674955,-38.249057192978405,-38.24680502053236,-38.23335286407111,-38.23965742222835,-38.248581494141185,-38.263543087739016,-38.25236538186492,-38.272988850069424,-38.23410677231499,-38.255472956591795,-38.23366468256643,-38.25050626743681,-38.239705573207665,-38.25699598531067,-38.23441348770067,-38.23377857797208,-38.254290214566424,-38.261229298171706,-38.236614825626035,-38.24463177545195,-38.25365915702486,-38.24524288023266,-38.24878146631938,-38.26952878690423,-38.25731014315527,-38.26564139806935,-38.23673979113567,-38.24497463857259],"Variance":[7.481873112635845,7.49364874659383,7.376977422026502,6.136181168717075,4.89181921399217,4.221722561826403,2.8925794885259317,2.654670185796928,2.210020240613415,1.9911992547860686,1.5067620453498445,1.3693812460376709,1.4215929014446704,1.107371606416362,1.2026164376422226,1.1287652336526273,0.9427925673528016,0.89824727282729,0.8796379817362935,0.9472948748469515,0.8241679968159452,0.8532983477487062,0.689965827858953,0.6947996299878905,0.6921133706452591,0.6365366080897794,0.6756913041391872,0.6619115790966046,0.5990009970540393,0.5796215942907808,0.5490608837715434,0.5650772457208495,0.5220150502580045,0.5607521098146677,0.543865148536563,0.5009294064388163,0.4974566195570844,0.4644164146588846,0.44989876059274153,0.48191478842206337,0.4556575836243022,0.5067922509454666,0.4525499888803177,0.4653177509098235,0.40895099908357324,0.4569879967577073,0.4624550286775464,0.47093626003899974,0.41480581381778087,0.41450330666015983,0.455190397552689,0.4202136992557607,0.42430514793138785,0.41658205241068186,0.46392564533643343,0.3960390498292207,0.3993057470905882,0.383730462960227,0.40813227167583177,0.4105589668159327,0.40719646905214524,0.3982046143397752,0.41685846014297406,0.38681141818083414,0.3759017221114549,0.36564726928750685,0.3575632132468677,0.38307584497192926,0.36677899802333136,0.372000688704129,0.3712177332207948,0.34826739662834416,0.3551661267899457,0.3290983676521537,0.34078413925348805,0.3600217531194434,0.37350730016105554,0.3201826290783324,0.3283178413686687,0.30772347467425876,0.32850913004488846,0.3166686683942341,0.3271592283705322,0.30588970252372455,0.35013317693904666,0.30010558803155674,0.32098833437047075,0.3040887997730824,0.3129955286119096,0.30253851687076305,0.3158075019191123,0.30669955028248247,0.31418929030140924,0.2974127108068232,0.2901873764321453,0.3172253332742404,0.32230928528904723,0.3250558146838961,0.3444126392729099,0.2980711876657252,0.28980546610714486,0.3087678837066226,0.2966245991396011,0.28738631075629806,0.30213519961407287,0.3136362763439303,0.32225740047804574,0.2874756103763982,0.32023868908924646,0.32405729489256574,0.3029150264141261,0.31258664831740424],"Sigma":[0.08615389235140489,0.08622166400530139,0.08554782277866074,0.07802231295066624,0.06966344272268174,0.06471643398093511,0.053568857636300794,0.05131862600263709,0.04682392975214643,0.04444542817992969,0.03866269023772786,0.03685801325234972,0.037554099884032244,0.033144878079024144,0.03454087235059792,0.03346351415224183,0.03058283974158589,0.029851605086118064,0.0295407638342848,0.030655776968697365,0.028594177396249736,0.02909512224823242,0.02616275804631903,0.0262542443656299,0.026203442662867216,0.025129359925151237,0.025890706339172308,0.025625345121497157,0.02437718238203391,0.02397960431090389,0.023338878672932526,0.02367683479005262,0.02275680279979275,0.023586048762874838,0.023228188876208422,0.022292460075751724,0.022215052355281564,0.021464635335781954,0.021126479486858956,0.021865270816503298,0.021261261806288397,0.022422535321048716,0.021188636631503742,0.021485454449155356,0.020142128890306102,0.021292278128339177,0.021419261207431244,0.021614778987387562,0.02028580055566718,0.02027840225158636,0.02125035941695787,0.020417606860173108,0.0205167650168668,0.02032918703848036,0.02145329102422915,0.01982160141782404,0.019903182003381027,0.01951115022481922,0.020121956332885025,0.020181688787546836,0.020098874372556155,0.019875720370786894,0.02033593026309956,0.019589320720497443,0.019311094611921164,0.019045873748212344,0.01883415540891416,0.019494500775552703,0.019075325779513562,0.019210629929438595,0.019190402828885993,0.018587720938054154,0.01877091761225057,0.018068936765769875,0.018386938386465174,0.01889879460755355,0.01924949237016352,0.01782249974334466,0.01804749689610582,0.017472298786228923,0.018052753660510408,0.017724430174036056,0.01801562451201922,0.017420160919806357,0.01863744462638146,0.0172546746608087,0.017844909859879167,0.017368805272680095,0.017621334714345262,0.017324474523936324,0.01770031336371542,0.017443205750880254,0.01765490652780032,0.017177086262433645,0.016967153621512864,0.017740002026466854,0.017881590395944665,0.01795761695300491,0.018484566687587967,0.0171960909313475,0.016955984864505565,0.017501924035575236,0.01715431245064535,0.016885066390753014,0.017312922953806424,0.017639362220543856,0.017880151063722965,0.016887689537443944,0.017824059924487257,0.01793001426658015,0.01733525133659454,0.017609821177461932],"R_hat":[0.9964496866223147,1.0010490972984107,0.9998646077834233,1.0010145938530208,1.0035182248071535,1.0055416085382034,1.00292402602036,1.0038784192821244,0.9989766300883449,1.00260792258954,0.995708893964349,0.9984544280922567,1.0008665171029136,0.9974340325702289,0.9984815520153884,1.0024498610452905,0.9960552658757689,1.0111733156843368,0.997496034820173,0.9985508348670222,0.9953010496110655,0.9976650911253765,0.9972246148804862,0.9990085476326775,1.005200674525482,0.996973374976653,0.999962742282956,1.0002595751863206,0.9985490242245997,1.0032496168218548,1.0017637945422637,1.0074518435721738,1.0024711523581635,0.9965483346649668,0.9992803759087124,0.9999369834304862,1.0052940855659798,0.9984302572812243,0.9994273890720504,1.0014600567947436,1.0000448028046027,0.9984938782665322,1.0053768678808632,0.9955451313580156,0.9963564326935149,0.9996090607713511,1.0015025267133426,0.9991719954078495,1.0025132429265275,1.002176523053963,0.9993194803223073,0.9992853233981095,0.9972090315202616,0.9983602401121863,0.9988048274078656,0.9948278645363855,1.0037563008200818,0.9970098466780044,0.9999236161508298,0.9972325073322622,0.9977259141499317,0.9991854225320299,0.9994038962206164,1.0001560287987172,0.9976683205298982,0.9987758792683461,0.997800763274092,1.002520016483182,1.0048787544207316,1.0006234988186091,0.9993618460216488,0.9968814772455367,0.9995389326713936,1.002236701136787,0.997424782848224,1.000658199250313,0.9994498718825534,1.0018537475296725,0.9972090891411718,1.0035625588976333,0.9956970880133524,0.9983987593951357,0.9970240897406057,0.9996408468828198,0.9958964444919902,1.0056656882883583,1.0005809972101982,0.9981533049448101,0.9990310163156957,0.9990463753891837,0.9996117872669715,1.0004822568315834,0.9994820161374588,1.0028527080198688,0.9988992112303969,0.9971254078698216,1.0038970998179508,1.0037862788955165,0.9964694366384469,1.0013374148763947,0.9970643830945911,1.0043569908218979,0.998007191334255,0.9975367787324445,0.9992641236112132,1.0001789903737637,0.9972967494211737,1.0054800811571145,0.9990388796526469,0.9999053314353962,1.0021022692610249,1.0013563203953262],"TauCorr":[0.0,1.1102230246251565e-16,0.0,0.0,0.0,1.1102230246251565e-16,0.0,0.0,0.0,0.0,1.1102230246251565e-16,0.0,0.0,2.220446049250313e-16,0.0,1.1102230246251565e-16,1.1102230246251565e-16,1.1102230246251565e-16,0.0,2.220446049250313e-16,0.0,0.0,0.0,4.440892098500626e-16,0.0,0.0,1.1102230246251565e-16,2.220446049250313e-16,5.551115123125783e-16,0.0,2.220446049250313e-16,2.220446049250313e-16,0.0,0.0,2.220446049250313e-16,1.1102230246251565e-16,0.0,0.0,2.220446049250313e-16,0.0,0.0,0.0,0.0,1.1102230246251565e-16,2.220446049250313e-16,0.0,0.0,1.1102230246251565e-16,4.440892098500626e-16,1.1102230246251565e-16,3.3306690738754696e-16,0.0,1.1102230246251565e-16,1.1102230246251565e-16,0.0,0.0,0.0,0.0,3.3306690738754696e-16,1.1102230246251565e-16,0.0,0.0,0.0,5.551115123125783e-16,3.3306690738754696e-16,1.1102230246251565e-16,0.0,0.0,0.0,0.0,1.1102230246251565e-16,6.661338147750939e-16,2.220446049250313e-16,0.0,0.0,0.0,0.0,2.220446049250313e-16,2.220446049250313e-16,1.1102230246251565e-16,2.220446049250313e-16,0.0,2.220446049250313e-16,0.0,0.0,0.0,0.0,0.0,0.0,0.0,3.3306690738754696e-16,0.0,0.0,3.3306690738754696e-16,0.0,1.1102230246251565e-16,0.0,2.220446049250313e-16,0.0,0.0,0.0,0.0,0.0,1.1102230246251565e-16,0.0,0.0,3.3306690738754696e-16,3.3306690738754696e-16,0.0,3.3306690738754696e-16,0.0,0.0]}}